Script started on Wed 28 Nov 2018 09:10:45 PM EST
mseda@cisc450:~/NetworksProject2/src$ ls -l
total 20
-rw-rw-r-- 1 mseda mseda  3435 Nov 28 21:05 input.txt
-rw-rw-r-- 1 mseda mseda   180 Nov 28 18:00 Makefile
-rw-rw-r-- 1 mseda mseda     0 Nov 28 21:05 output.txt
-rw-rw-r-- 1 mseda mseda  9394 Nov 28 20:58 Reciever.c
-rw-rw-r-- 1 mseda mseda     0 Nov 28 21:10 RecieverLog.log
-rw-rw-r-- 1 mseda mseda 10637 Nov 28 20:58 Sender.c
-rw-rw-r-- 1 mseda mseda     0 Nov 28 21:10 SenderLog.log
mseda@cisc450:~/NetworksProject2/src$ make
/usr/bin/gcc Sender.c -o Sender.o -lm
/usr/bin/gcc Reciever.c -o Reciever.o -lm
mseda@cisc450:~/NetworksProject2/src$ ./O[KReciever.o 0 0
Waiting for incoming messages on port 63232

Packet 0 recieved with 15 data bytes.
ACK 0 transmitted.
Packet 1 recieved with 31 data bytes.
ACK 1 transmitted.
Packet 0 recieved with 13 data bytes.
ACK 0 transmitted.
Packet 1 recieved with 1 data bytes.
ACK 1 transmitted.
Packet 0 recieved with 16 data bytes.
ACK 0 transmitted.
Packet 1 recieved with 10 data bytes.
ACK 1 transmitted.
Packet 0 recieved with 1 data bytes.
ACK 0 transmitted.
Packet 1 recieved with 67 data bytes.
ACK 1 transmitted.
Packet 0 recieved with 42 data bytes.
ACK 0 transmitted.
Packet 1 recieved with 65 data bytes.
ACK 1 transmitted.
Packet 0 recieved with 44 data bytes.
ACK 0 transmitted.
Packet 1 recieved with 74 data bytes.
ACK 1 transmitted.
Packet 0 recieved with 33 data bytes.
ACK 0 transmitted.
Packet 1 recieved with 56 data bytes.
ACK 1 transmitted.
Packet 0 recieved with 45 data bytes.
ACK 0 transmitted.
Packet 1 recieved with 32 data bytes.
ACK 1 transmitted.
Packet 0 recieved with 1 data bytes.
ACK 0 transmitted.
Packet 1 recieved with 1 data bytes.
ACK 1 transmitted.
Packet 0 recieved with 56 data bytes.
ACK 0 transmitted.
Packet 1 recieved with 54 data bytes.
ACK 1 transmitted.
Packet 0 recieved with 61 data bytes.
ACK 0 transmitted.
Packet 1 recieved with 57 data bytes.
ACK 1 transmitted.
Packet 0 recieved with 57 data bytes.
ACK 0 transmitted.
Packet 1 recieved with 41 data bytes.
ACK 1 transmitted.
Packet 0 recieved with 54 data bytes.
ACK 0 transmitted.
Packet 1 recieved with 49 data bytes.
ACK 1 transmitted.
Packet 0 recieved with 49 data bytes.
ACK 0 transmitted.
Packet 1 recieved with 58 data bytes.
ACK 1 transmitted.
Packet 0 recieved with 16 data bytes.
ACK 0 transmitted.
Packet 1 recieved with 1 data bytes.
ACK 1 transmitted.
Packet 0 recieved with 17 data bytes.
ACK 0 transmitted.
Packet 1 recieved with 61 data bytes.
ACK 1 transmitted.
Packet 0 recieved with 61 data bytes.
ACK 0 transmitted.
Packet 1 recieved with 61 data bytes.
ACK 1 transmitted.
Packet 0 recieved with 61 data bytes.
ACK 0 transmitted.
Packet 1 recieved with 61 data bytes.
ACK 1 transmitted.
Packet 0 recieved with 61 data bytes.
ACK 0 transmitted.
Packet 1 recieved with 61 data bytes.
ACK 1 transmitted.
Packet 0 recieved with 15 data bytes.
ACK 0 transmitted.
Packet 1 recieved with 1 data bytes.
ACK 1 transmitted.
Packet 0 recieved with 45 data bytes.
ACK 0 transmitted.
Packet 1 recieved with 29 data bytes.
ACK 1 transmitted.
Packet 0 recieved with 45 data bytes.
ACK 0 transmitted.
Packet 1 recieved with 51 data bytes.
ACK 1 transmitted.
Packet 0 recieved with 47 data bytes.
ACK 0 transmitted.
Packet 1 recieved with 1 data bytes.
ACK 1 transmitted.
Packet 0 recieved with 1 data bytes.
ACK 0 transmitted.
Packet 1 recieved with 23 data bytes.
ACK 1 transmitted.
Packet 0 recieved with 1 data bytes.
ACK 0 transmitted.
Packet 1 recieved with 78 data bytes.
ACK 1 transmitted.
Packet 0 recieved with 23 data bytes.
ACK 0 transmitted.
Packet 1 recieved with 79 data bytes.
ACK 1 transmitted.
Packet 0 recieved with 5 data bytes.
ACK 0 transmitted.
Packet 1 recieved with 79 data bytes.
ACK 1 transmitted.
Packet 0 recieved with 5 data bytes.
ACK 0 transmitted.
Packet 1 recieved with 20 data bytes.
ACK 1 transmitted.
Packet 0 recieved with 17 data bytes.
ACK 0 transmitted.
Packet 1 recieved with 46 data bytes.
ACK 1 transmitted.
Packet 0 recieved with 57 data bytes.
ACK 0 transmitted.
Packet 1 recieved with 39 data bytes.
ACK 1 transmitted.
Packet 0 recieved with 62 data bytes.
ACK 0 transmitted.
Packet 1 recieved with 41 data bytes.
ACK 1 transmitted.
Packet 0 recieved with 24 data bytes.
ACK 0 transmitted.
Packet 1 recieved with 38 data bytes.
ACK 1 transmitted.
Packet 0 recieved with 39 data bytes.
ACK 0 transmitted.
Packet 1 recieved with 15 data bytes.
ACK 1 transmitted.
Packet 0 recieved with 51 data bytes.
ACK 0 transmitted.
Packet 1 recieved with 79 data bytes.
ACK 1 transmitted.
Packet 0 recieved with 1 data bytes.
ACK 0 transmitted.
Packet 1 recieved with 1 data bytes.
ACK 1 transmitted.
Packet 0 recieved with 15 data bytes.
ACK 0 transmitted.
Packet 1 recieved with 14 data bytes.
ACK 1 transmitted.
Packet 0 recieved with 13 data bytes.
ACK 0 transmitted.
Packet 1 recieved with 1 data bytes.
ACK 1 transmitted.
Packet 0 recieved with 63 data bytes.
ACK 0 transmitted.
Packet 1 recieved with 61 data bytes.
ACK 1 transmitted.
Packet 0 recieved with 32 data bytes.
ACK 0 transmitted.
Packet 1 recieved with 38 data bytes.
ACK 1 transmitted.
Packet 0 recieved with 64 data bytes.
ACK 0 transmitted.
Packet 1 recieved with 64 data bytes.
ACK 1 transmitted.
Packet 0 recieved with 71 data bytes.
ACK 0 transmitted.
Packet 1 recieved with 1 data bytes.
ACK 1 transmitted.
Packet 0 recieved with 65 data bytes.
ACK 0 transmitted.
Packet 1 recieved with 46 data bytes.
ACK 1 transmitted.
Packet 0 recieved with 1 data bytes.
ACK 0 transmitted.
Packet 1 recieved with 16 data bytes.
ACK 1 transmitted.
Packet 0 recieved with 59 data bytes.
ACK 0 transmitted.
Packet 1 recieved with 59 data bytes.
ACK 1 transmitted.
Packet 0 recieved with 9 data bytes.
ACK 0 transmitted.
Packet 1 recieved with 59 data bytes.
ACK 1 transmitted.
Packet 0 recieved with 9 data bytes.
ACK 0 transmitted.
Packet 1 recieved with 58 data bytes.
ACK 1 transmitted.
Packet 0 recieved with 14 data bytes.
ACK 0 transmitted.
Packet 1 recieved with 1 data bytes.
ACK 1 transmitted.
End of Transmission Packet with sequence number 0 recieved with 0 data bytes.


***************************** FINAL STATISTICS *****************************************
Number of data packets received successfully:                         94
Total number of data bytes received which are delivered to user:      3435
Total number of duplicate data packets received (without loss) :      0
Number of data packets received but dropped due to loss:              0
Total number of data packets received:                                94
Number of ACKs transmitted without loss:                              94
Number of ACKs generated but dropped due to loss:                     0
Total number of ACKs generated (with and without loss):               94
******************************************************************************************
mseda@cisc450:~/NetworksProject2/src$ cat output.txt 
\begin{center}
{\bf PROGRAMMING PROJECT 2\\ }
\end{center}

%\vspace{0.3in}
\noindent

In this project, you will implement the Stop-and-Wait protocol to 
transmit data from a Sender to a Receiver
in the presence of errors and packet loss. The protocol will be 
unidirectional in which data is sent in one
direction only with acknowledgments being sent in the reverse direction. 
Only positive ACKs are used. The
transmission of packets and ACKs will be done over UDP 
(that represents an unreliable network layer
channel) using fixed UDP ports.


To implement this protocol, you will write two separate
programs called {\em Sender} and {\em Receiver} which
represent the actions to be executed by the sending node and
the receiving node respectively. Both the Sender and the
Receiver must run on the host {\em cis450.cis.udel.edu},
as you will have to come in to my office
to give me a demo of your programs. For convenience, 
both the hostname and the server port number may
be hardcoded into both the Sender and Receiver, 
but this should be done in such a way that they should be
easy to change.

\begin{verbatim}
    --------------------------------------------------------
    |                   Count (2 bytes)                    |
    --------------------------------------------------------
    |           Packet Sequence Number (2 bytes)           |
    --------------------------------------------------------
    |                 Data (0 - 80 bytes)                  |
    --------------------------------------------------------
\end{verbatim}

The second field of the header is called the
packet sequence number. Each
packet transmitted by the Sender is assigned
a sequence number that alternates between 0 and 1,
in accordance with the Stop-and-Wait protocol.


Output of your program

At specific places in both your Sender and Receiver programs, you must print 
out specific messages.
The symbol â€œnâ€ below refers to the sequence number of the transmitted or receiv
0 or 1), and the symbol â€œcâ€ below refers to the count (number of data bytes) in
 the transmitted or
received packet.
The messages to be printed by the Sender are:
When a new data packet numbered n is sent by the Sender:
Packet n transmitted with c data bytes
When a data packet numbered n is retransmitted by the Sender:
Packet n retransmitted with c data bytes
When a timeout expires:
Timeout expired for packet numbered n
When an ACK is received with number n:
ACK n received
When the â€œEnd of Transmissionâ€ packet is sent:
End of Transmission Packet with sequence number n transmitted with c data bytes

\begin{center}
{\bf Testing}
\end{center}

The files {\em test1.txt} and {\em test2.txt} in the directory
{\em /usa/sethi/networks/proj2} on {\em cis450.cis.udel.edu}
are sample input files that may
be used by you to test your programs.
It is strongly suggested that you first use {\em test1.txt} for
all your testing, and only if you have thoroughly debugged your
programs, then proceed with using {\em test2.txt} for further testing.

It is also suggested that you test your programs in phases using
the following configuration parameter values:

\begin{itemize}
\item Packet and ACK loss rates 0, Timeout value $n$  = 5.
\item Packet loss rate 0.2, ACK loss rate 0, Timeout value
$n$ = 5.
\item Packet loss rate 0, ACK loss rate 0.2, Timeout value
$n$ = 5.
\item Packet and ACK loss rates 0, Timeout value $n$ = 3.
\end{itemize}

mseda@cisc450:~/NetworksProject2/src$ diff input.txt output.txt 
mseda@cisc450:~/NetworksProject2/src$ exit
exit

Script done on Wed 28 Nov 2018 09:16:22 PM EST
